kotlin version: 2.3.0
error message: org.jetbrains.kotlin.util.FileAnalysisException: While analysing /home/relev81/AndroidStudioProjects/PdfLabelPrinting/app/src/main/java/hu/reelee81/pdflabelprinting/MainActivity.kt:6296:5: java.lang.IllegalArgumentException: Node has already been visited and could result in infinite recursion.

File Path: /home/relev81/AndroidStudioProjects/PdfLabelPrinting/app/src/main/java/hu/reelee81/pdflabelprinting/MainActivity.kt
Variable: <local>.targetW
Declarations:
- special.anonymous (graph declaration)
- hu.reelee81.pdflabelprinting.MainActivity.kt
- hu.reelee81.pdflabelprinting.MainActivity

	at org.jetbrains.kotlin.util.AnalysisExceptionsKt.wrapIntoFileAnalysisExceptionIfNeeded(AnalysisExceptions.kt:57)
	at org.jetbrains.kotlin.fir.FirCliExceptionHandler.handleExceptionOnFileAnalysis(Utils.kt:269)
	at org.jetbrains.kotlin.fir.pipeline.AnalyseKt.runCheckers(analyse.kt:68)
	at org.jetbrains.kotlin.fir.pipeline.FirUtilsKt.resolveAndCheckFir(firUtils.kt:77)
	at org.jetbrains.kotlin.cli.pipeline.jvm.JvmFrontendPipelinePhase.executePhase(JvmFrontendPipelinePhase.kt:269)
	at org.jetbrains.kotlin.cli.pipeline.jvm.JvmFrontendPipelinePhase.executePhase(JvmFrontendPipelinePhase.kt:55)
	at org.jetbrains.kotlin.cli.pipeline.PipelinePhase.phaseBody(PipelinePhase.kt:68)
	at org.jetbrains.kotlin.cli.pipeline.PipelinePhase.phaseBody(PipelinePhase.kt:58)
	at org.jetbrains.kotlin.config.phaser.NamedCompilerPhase.invoke(CompilerPhase.kt:102)
	at org.jetbrains.kotlin.backend.common.phaser.CompositePhase.invoke(PhaseBuilders.kt:22)
	at org.jetbrains.kotlin.config.phaser.CompilerPhaseKt.invokeToplevel(CompilerPhase.kt:53)
	at org.jetbrains.kotlin.cli.pipeline.AbstractCliPipeline.runPhasedPipeline(AbstractCliPipeline.kt:109)
	at org.jetbrains.kotlin.cli.pipeline.AbstractCliPipeline.execute(AbstractCliPipeline.kt:68)
	at org.jetbrains.kotlin.cli.jvm.K2JVMCompiler.doExecutePhased(K2JVMCompiler.kt:51)
	at org.jetbrains.kotlin.cli.jvm.K2JVMCompiler.doExecutePhased(K2JVMCompiler.kt:42)
	at org.jetbrains.kotlin.cli.common.CLICompiler.execImpl(CLICompiler.kt:89)
	at org.jetbrains.kotlin.cli.common.CLICompiler.exec(CLICompiler.kt:359)
	at org.jetbrains.kotlin.incremental.IncrementalJvmCompilerRunnerBase.runCompiler(IncrementalJvmCompilerRunnerBase.kt:178)
	at org.jetbrains.kotlin.incremental.IncrementalJvmCompilerRunnerBase.runCompiler(IncrementalJvmCompilerRunnerBase.kt:40)
	at org.jetbrains.kotlin.incremental.IncrementalCompilerRunner.doCompile(IncrementalCompilerRunner.kt:504)
	at org.jetbrains.kotlin.incremental.IncrementalCompilerRunner.compileImpl(IncrementalCompilerRunner.kt:418)
	at org.jetbrains.kotlin.incremental.IncrementalCompilerRunner.compileNonIncrementally(IncrementalCompilerRunner.kt:301)
	at org.jetbrains.kotlin.incremental.IncrementalCompilerRunner.compile(IncrementalCompilerRunner.kt:128)
	at org.jetbrains.kotlin.daemon.CompileServiceImplBase.execIncrementalCompiler(CompileServiceImpl.kt:684)
	at org.jetbrains.kotlin.daemon.CompileServiceImplBase.access$execIncrementalCompiler(CompileServiceImpl.kt:94)
	at org.jetbrains.kotlin.daemon.CompileServiceImpl.compile(CompileServiceImpl.kt:1810)
	at java.base/jdk.internal.reflect.DirectMethodHandleAccessor.invoke(Unknown Source)
	at java.base/java.lang.reflect.Method.invoke(Unknown Source)
	at java.rmi/sun.rmi.server.UnicastServerRef.dispatch(Unknown Source)
	at java.rmi/sun.rmi.transport.Transport$1.run(Unknown Source)
	at java.rmi/sun.rmi.transport.Transport$1.run(Unknown Source)
	at java.base/java.security.AccessController.doPrivileged(Unknown Source)
	at java.rmi/sun.rmi.transport.Transport.serviceCall(Unknown Source)
	at java.rmi/sun.rmi.transport.tcp.TCPTransport.handleMessages(Unknown Source)
	at java.rmi/sun.rmi.transport.tcp.TCPTransport$ConnectionHandler.run0(Unknown Source)
	at java.rmi/sun.rmi.transport.tcp.TCPTransport$ConnectionHandler.lambda$run$0(Unknown Source)
	at java.base/java.security.AccessController.doPrivileged(Unknown Source)
	at java.rmi/sun.rmi.transport.tcp.TCPTransport$ConnectionHandler.run(Unknown Source)
	at java.base/java.util.concurrent.ThreadPoolExecutor.runWorker(Unknown Source)
	at java.base/java.util.concurrent.ThreadPoolExecutor$Worker.run(Unknown Source)
	at java.base/java.lang.Thread.run(Unknown Source)
Caused by: java.lang.IllegalArgumentException: Node has already been visited and could result in infinite recursion.

File Path: /home/relev81/AndroidStudioProjects/PdfLabelPrinting/app/src/main/java/hu/reelee81/pdflabelprinting/MainActivity.kt
Variable: <local>.targetW
Declarations:
- special.anonymous (graph declaration)
- hu.reelee81.pdflabelprinting.MainActivity.kt
- hu.reelee81.pdflabelprinting.MainActivity

	at org.jetbrains.kotlin.fir.analysis.cfa.VariableInitializationCheckProcessor.processUnionNode$reportErrorsOnInitializationsInInputs(VariableInitializationCheckProcessor.kt:120)
	at org.jetbrains.kotlin.fir.analysis.cfa.VariableInitializationCheckProcessor.processUnionNode$reportErrorsOnInitializationsInInputs(VariableInitializationCheckProcessor.kt:128)
	at org.jetbrains.kotlin.fir.analysis.cfa.VariableInitializationCheckProcessor.processUnionNode$reportErrorsOnInitializationsInInputs(VariableInitializationCheckProcessor.kt:128)
	at org.jetbrains.kotlin.fir.analysis.cfa.VariableInitializationCheckProcessor.processUnionNode(VariableInitializationCheckProcessor.kt:142)
	at org.jetbrains.kotlin.fir.analysis.cfa.VariableInitializationCheckProcessor.runCheck(VariableInitializationCheckProcessor.kt:69)
	at org.jetbrains.kotlin.fir.analysis.cfa.VariableInitializationCheckProcessor.processSubGraphs(VariableInitializationCheckProcessor.kt:258)
	at org.jetbrains.kotlin.fir.analysis.cfa.VariableInitializationCheckProcessor.runCheck(VariableInitializationCheckProcessor.kt:96)
	at org.jetbrains.kotlin.fir.analysis.cfa.VariableInitializationCheckProcessor.processSubGraphs(VariableInitializationCheckProcessor.kt:258)
	at org.jetbrains.kotlin.fir.analysis.cfa.VariableInitializationCheckProcessor.runCheck(VariableInitializationCheckProcessor.kt:96)
	at org.jetbrains.kotlin.fir.analysis.cfa.VariableInitializationCheckProcessor.processSubGraphs(VariableInitializationCheckProcessor.kt:258)
	at org.jetbrains.kotlin.fir.analysis.cfa.VariableInitializationCheckProcessor.runCheck(VariableInitializationCheckProcessor.kt:96)
	at org.jetbrains.kotlin.fir.analysis.cfa.VariableInitializationCheckProcessor.check(VariableInitializationCheckProcessor.kt:47)
	at org.jetbrains.kotlin.fir.analysis.cfa.FirPropertyInitializationAnalyzer.analyze(FirPropertyInitializationAnalyzer.kt:39)
	at org.jetbrains.kotlin.fir.analysis.collectors.components.ControlFlowAnalysisDiagnosticComponent.analyze(ControlFlowAnalysisDiagnosticComponent.kt:53)
	at org.jetbrains.kotlin.fir.analysis.collectors.components.ControlFlowAnalysisDiagnosticComponent.visitSimpleFunction(ControlFlowAnalysisDiagnosticComponent.kt:93)
	at org.jetbrains.kotlin.fir.analysis.collectors.components.ControlFlowAnalysisDiagnosticComponent.visitSimpleFunction(ControlFlowAnalysisDiagnosticComponent.kt:26)
	at org.jetbrains.kotlin.fir.declarations.FirSimpleFunction.accept(FirSimpleFunction.kt:51)
	at org.jetbrains.kotlin.fir.analysis.collectors.CheckerRunningDiagnosticCollectorVisitor.checkElement(CheckerRunningDiagnosticCollectorVisitor.kt:24)
	at org.jetbrains.kotlin.fir.analysis.collectors.AbstractDiagnosticCollectorVisitor.access$checkElement(AbstractDiagnosticCollectorVisitor.kt:37)
	at org.jetbrains.kotlin.fir.analysis.collectors.AbstractDiagnosticCollectorVisitor.visitSimpleFunction(AbstractDiagnosticCollectorVisitor.kt:808)
	at org.jetbrains.kotlin.fir.analysis.collectors.AbstractDiagnosticCollectorVisitor.visitSimpleFunction(AbstractDiagnosticCollectorVisitor.kt:37)
	at org.jetbrains.kotlin.fir.declarations.FirSimpleFunction.accept(FirSimpleFunction.kt:51)
	at org.jetbrains.kotlin.fir.declarations.impl.FirRegularClassImpl.acceptChildren(FirRegularClassImpl.kt:69)
	at org.jetbrains.kotlin.fir.analysis.collectors.AbstractDiagnosticCollectorVisitor.visitNestedElements(AbstractDiagnosticCollectorVisitor.kt:45)
	at org.jetbrains.kotlin.fir.analysis.collectors.AbstractDiagnosticCollectorVisitor.visitRegularClass(AbstractDiagnosticCollectorVisitor.kt:658)
	at org.jetbrains.kotlin.fir.analysis.collectors.AbstractDiagnosticCollectorVisitor.visitRegularClass(AbstractDiagnosticCollectorVisitor.kt:37)
	at org.jetbrains.kotlin.fir.declarations.FirRegularClass.accept(FirRegularClass.kt:50)
	at org.jetbrains.kotlin.fir.declarations.impl.FirFileImpl.acceptChildren(FirFileImpl.kt:60)
	at org.jetbrains.kotlin.fir.analysis.collectors.AbstractDiagnosticCollectorVisitor.visitNestedElements(AbstractDiagnosticCollectorVisitor.kt:45)
	at org.jetbrains.kotlin.fir.analysis.collectors.AbstractDiagnosticCollectorVisitor.visitFile(AbstractDiagnosticCollectorVisitor.kt:1349)
	at org.jetbrains.kotlin.fir.analysis.collectors.AbstractDiagnosticCollectorVisitor.visitFile(AbstractDiagnosticCollectorVisitor.kt:37)
	at org.jetbrains.kotlin.fir.declarations.FirFile.accept(FirFile.kt:43)
	at org.jetbrains.kotlin.fir.analysis.collectors.AbstractDiagnosticCollector.collectDiagnostics(AbstractDiagnosticCollector.kt:36)
	at org.jetbrains.kotlin.fir.pipeline.AnalyseKt.runCheckers(analyse.kt:37)
	... 38 more


